[2026-08-18T18:53:30.708Z] ------------------------------------
[2026-08-18T18:53:30.717Z] 📨 Requisição POST recebida no webhook Z-API!
[2026-08-18T18:53:30.718Z] Corpo da requisição (req.body): {
  "name": "Add your name in the body"
}
[2026-08-18T18:53:30.718Z] Headers da requisição (req.headers): {
  "content-type": "application/json",
  "user-agent": "PostmanRuntime/7.56.1",
  "accept": "*/*",
  "postman-token": "06a5c54f-551c-45fd-b2d2-c5dbcb13aad1",
  "host": "localhost:10000",
  "accept-encoding": "gzip, deflate, br",
  "connection": "keep-alive",
  "content-length": "40"
}
[2026-08-18T18:53:30.719Z] WEBHOOK DEBUG (Z-API) - Este já estava lá
[2026-08-18T18:53:30.719Z] ❌ Erro: Telefone é obrigatório na requisição.
[2026-08-18T18:56:45.435Z] ------------------------------------
[2026-08-18T18:56:45.435Z] 📨 Requisição POST recebida no webhook Z-API!
[2026-08-18T18:56:45.435Z] Corpo da requisição (req.body): {
  "telefone": "5511987654321",
  "nome": "Moisés Teste"
}
[2026-08-18T18:56:45.435Z] Headers da requisição (req.headers): {
  "content-type": "application/json",
  "user-agent": "PostmanRuntime/7.56.1",
  "accept": "*/*",
  "postman-token": "502c7213-2e5c-4ad1-b925-e712aa8db83e",
  "host": "localhost:10000",
  "accept-encoding": "gzip, deflate, br",
  "connection": "keep-alive",
  "content-length": "65"
}
[2026-08-18T18:56:45.436Z] WEBHOOK DEBUG (Z-API) - Este já estava lá
[2026-08-18T18:56:45.436Z] 📱 Telefone limpo: 11987654321
[2026-08-18T18:56:46.810Z] ❌ Erro ao buscar cliente existente: Could not find the table 'public.clientes_novos' in the schema cache
[2026-08-18T18:56:46.810Z] 🆕 Criando novo cliente...
[2026-08-18T18:56:46.986Z] ❌ Erro ao criar: Could not find the table 'public.clientes_novos' in the schema cache
[2026-08-18T19:19:07.043Z] ------------------------------------
[2026-08-18T19:19:07.045Z] 📨 Requisição POST recebida no webhook Z-API!
[2026-08-18T19:19:07.045Z] Corpo da requisição (req.body): {
  "telefone": "5511987654321",
  "nome": "Moisés Teste"
}
[2026-08-18T19:19:07.045Z] Headers da requisição (req.headers): {
  "content-type": "application/json",
  "user-agent": "PostmanRuntime/7.56.1",
  "accept": "*/*",
  "postman-token": "baf6e23e-dca1-4c09-a15e-2cd8860dd404",
  "host": "localhost:10000",
  "accept-encoding": "gzip, deflate, br",
  "connection": "keep-alive",
  "content-length": "65"
}
[2026-08-18T19:19:07.045Z] WEBHOOK DEBUG (Z-API) - Este já estava lá
[2026-08-18T19:19:07.046Z] 📱 Telefone limpo: 11987654321
[2026-08-18T19:19:08.569Z] ❌ Erro ao buscar cliente existente: column clientes.cliente_telefone does not exist
[2026-08-18T19:19:08.569Z] 🆕 Criando novo cliente...
[2026-08-18T19:19:09.009Z] ❌ Erro ao criar: Could not find the 'cliente_telefone' column of 'clientes' in the schema cache
[2026-08-18T19:20:06.681Z] ------------------------------------
[2026-08-18T19:20:06.681Z] 📨 Requisição POST recebida no webhook Z-API!
[2026-08-18T19:20:06.682Z] Corpo da requisição (req.body): {
  "telefone": "5511987654321",
  "nome": "Moisés Teste"
}
[2026-08-18T19:20:06.682Z] Headers da requisição (req.headers): {
  "content-type": "application/json",
  "user-agent": "PostmanRuntime/7.56.1",
  "accept": "*/*",
  "postman-token": "b399d0e6-405a-4a70-b62c-f2aa0c3763b2",
  "host": "localhost:10000",
  "accept-encoding": "gzip, deflate, br",
  "connection": "keep-alive",
  "content-length": "65"
}
[2026-08-18T19:20:06.682Z] WEBHOOK DEBUG (Z-API) - Este já estava lá
[2026-08-18T19:20:06.682Z] 📱 Telefone limpo: 11987654321
[2026-08-18T19:20:07.188Z] ❌ Erro ao buscar cliente existente: column clientes.cliente_telefone does not exist
[2026-08-18T19:20:07.188Z] 🆕 Criando novo cliente...
[2026-08-18T19:20:07.641Z] ❌ Erro ao criar: Could not find the 'cliente_telefone' column of 'clientes' in the schema cache
[2026-08-18T19:24:25.586Z] ------------------------------------
[2026-08-18T19:24:25.587Z] 📨 Requisição POST recebida no webhook Z-API!
[2026-08-18T19:24:25.587Z] Corpo da requisição (req.body): {
  "telefone": "5511987654321",
  "nome": "Moisés Teste"
}
[2026-08-18T19:24:25.588Z] Headers da requisição (req.headers): {
  "content-type": "application/json",
  "user-agent": "PostmanRuntime/7.56.1",
  "accept": "*/*",
  "postman-token": "35910b96-df95-441d-bbae-0a312bda8151",
  "host": "localhost:10000",
  "accept-encoding": "gzip, deflate, br",
  "connection": "keep-alive",
  "content-length": "65"
}
[2026-08-18T19:24:25.588Z] WEBHOOK DEBUG (Z-API) - Este já estava lá
[2026-08-18T19:24:25.588Z] 📱 Telefone limpo: 11987654321
[2026-08-18T19:24:26.648Z] 🆕 Criando novo cliente...
[2026-08-18T19:24:26.874Z] ❌ Erro ao criar: Could not find the 'origem' column of 'clientes' in the schema cache
[2026-08-18T19:59:18.706Z] ------------------------------------
[2026-08-18T19:59:18.707Z] 📨 Requisição POST recebida no webhook Z-API!
[2026-08-18T19:59:18.707Z] Corpo da requisição (req.body): {
  "telefone": "5511987654321",
  "nome": "Moisés Teste"
}
[2026-08-18T19:59:18.708Z] Headers da requisição (req.headers): {
  "content-type": "application/json",
  "user-agent": "PostmanRuntime/7.56.1",
  "accept": "*/*",
  "postman-token": "9f29d224-b3df-444e-a742-5c3a75558c24",
  "host": "localhost:10000",
  "accept-encoding": "gzip, deflate, br",
  "connection": "keep-alive",
  "content-length": "65"
}
[2026-08-18T19:59:18.708Z] WEBHOOK DEBUG (Z-API) - Este já estava lá
[2026-08-18T19:59:18.708Z] 📱 Telefone limpo: 11987654321
[2026-08-18T19:59:20.049Z] 🆕 Criando novo cliente...
[2026-08-18T19:59:20.298Z] ❌ Erro ao criar: Could not find the 'origem' column of 'clientes' in the schema cache
[2026-08-18T23:53:22.126Z] ------------------------------------
[2026-08-18T23:53:22.132Z] 📨 Requisição POST recebida no webhook Z-API!
[2026-08-18T23:53:22.132Z] Corpo da requisição (req.body): {
  "telefone": "5511987654321",
  "nome": "Moisés Teste"
}
[2026-08-18T23:53:22.133Z] Headers da requisição (req.headers): {
  "content-type": "application/json",
  "user-agent": "PostmanRuntime/7.56.1",
  "accept": "*/*",
  "postman-token": "1a97c719-c816-4e1c-9d25-8826df7b3350",
  "host": "localhost:10000",
  "accept-encoding": "gzip, deflate, br",
  "connection": "keep-alive",
  "content-length": "65"
}
[2026-08-18T23:53:22.133Z] WEBHOOK DEBUG (Z-API) - Este já estava lá
[2026-08-18T23:53:22.134Z] 📱 Telefone limpo: 11987654321
[2026-08-18T23:53:23.790Z] 🆕 Criando novo cliente...
[2026-08-18T23:53:24.104Z] ❌ Erro ao criar: new row violates row-level security policy for table "clientes"
[2026-08-18T23:55:51.739Z] ------------------------------------
[2026-08-18T23:55:51.739Z] 📨 Requisição POST recebida no webhook Z-API!
[2026-08-18T23:55:51.744Z] Corpo da requisição (req.body): {
  "telefone": "5511987654321",
  "nome": "Moisés Teste"
}
[2026-08-18T23:55:51.744Z] Headers da requisição (req.headers): {
  "content-type": "application/json",
  "user-agent": "PostmanRuntime/7.56.1",
  "accept": "*/*",
  "postman-token": "ad182c52-50ec-4b87-b165-3dbc98fd647c",
  "host": "localhost:10000",
  "accept-encoding": "gzip, deflate, br",
  "connection": "keep-alive",
  "content-length": "65"
}
[2026-08-18T23:55:51.744Z] WEBHOOK DEBUG (Z-API) - Este já estava lá
[2026-08-18T23:55:51.744Z] 📱 Telefone limpo: 11987654321
[2026-08-18T23:55:52.713Z] 🆕 Criando novo cliente...
[2026-08-18T23:55:53.046Z] ✅ Cliente criado!
[2026-08-18T23:57:14.355Z] ------------------------------------
[2026-08-18T23:57:14.355Z] 📨 Requisição POST recebida no webhook Z-API!
[2026-08-18T23:57:14.360Z] Corpo da requisição (req.body): {
  "telefone": "5511987654321",
  "nome": "Moisés Teste"
}
[2026-08-18T23:57:14.360Z] Headers da requisição (req.headers): {
  "content-type": "application/json",
  "user-agent": "PostmanRuntime/7.56.1",
  "accept": "*/*",
  "postman-token": "c9d6cfae-589b-40e6-8c25-49fadb779e56",
  "host": "localhost:10000",
  "accept-encoding": "gzip, deflate, br",
  "connection": "keep-alive",
  "content-length": "65"
}
[2026-08-18T23:57:14.360Z] WEBHOOK DEBUG (Z-API) - Este já estava lá
[2026-08-18T23:57:14.360Z] 📱 Telefone limpo: 11987654321
[2026-08-18T23:57:15.186Z] ✅ Cliente já existe
